Java HotSpot(TM) 64-Bit Server VM (25.31-b07) for linux-amd64 JRE (1.8.0_31-b13), built on Dec 17 2014 20:40:15 by "java_re" with gcc 4.3.0 20080428 (Red Hat 4.3.0-8)
Memory: 4k page, physical 16371284k(3092216k free), swap 31249404k(31048224k free)
CommandLine flags: -XX:+CMSParallelRemarkEnabled -XX:InitialHeapSize=8589934592 -XX:+ManagementServer -XX:MaxHeapSize=8589934592 -XX:MaxTenuringThreshold=15 -XX:NewRatio=2 -XX:OldPLABSize=16 -XX:+PrintGC -XX:+PrintGCApplicationConcurrentTime -XX:+PrintGCApplicationStoppedTime -XX:+PrintGCDateStamps -XX:+PrintGCDetails -XX:+PrintGCTimeStamps -XX:+PrintTenuringDistribution -XX:+ResizeTLAB -XX:ThreadStackSize=256 -XX:+UseCompressedClassPointers -XX:+UseCompressedOops -XX:+UseConcMarkSweepGC -XX:-UseNUMA -XX:+UseParNewGC -XX:+UseTLAB 
2015-02-19T11:31:31.875+0200: 0.123: Total time for which application threads were stopped: 0.0000782 seconds
2015-02-19T11:31:31.890+0200: 0.138: Application time: 0.0147053 seconds
2015-02-19T11:31:31.890+0200: 0.138: Total time for which application threads were stopped: 0.0000640 seconds
2015-02-19T11:31:31.890+0200: 0.138: Application time: 0.0002987 seconds
2015-02-19T11:31:31.890+0200: 0.138: Total time for which application threads were stopped: 0.0000252 seconds
2015-02-19T11:31:31.902+0200: 0.150: Application time: 0.0121793 seconds
2015-02-19T11:31:31.902+0200: 0.151: Total time for which application threads were stopped: 0.0000768 seconds
2015-02-19T11:31:31.904+0200: 0.152: Application time: 0.0016995 seconds
2015-02-19T11:31:31.904+0200: 0.152: Total time for which application threads were stopped: 0.0000264 seconds
2015-02-19T11:31:31.906+0200: 0.155: Application time: 0.0023962 seconds
2015-02-19T11:31:31.906+0200: 0.155: Total time for which application threads were stopped: 0.0000268 seconds
2015-02-19T11:31:31.984+0200: 0.232: Application time: 0.0621571 seconds
2015-02-19T11:31:31.984+0200: 0.232: Total time for which application threads were stopped: 0.0000847 seconds
2015-02-19T11:31:31.985+0200: 0.233: Application time: 0.0011584 seconds
2015-02-19T11:31:31.985+0200: 0.233: Total time for which application threads were stopped: 0.0000808 seconds
2015-02-19T11:31:32.010+0200: 0.259: Application time: 0.0253243 seconds
2015-02-19T11:31:32.010+0200: 0.259: Total time for which application threads were stopped: 0.0000886 seconds
2015-02-19T11:31:32.012+0200: 0.261: Application time: 0.0020605 seconds
2015-02-19T11:31:32.012+0200: 0.261: Total time for which application threads were stopped: 0.0000970 seconds
2015-02-19T11:31:32.160+0200: 0.408: Application time: 0.1470478 seconds
2015-02-19T11:31:32.160+0200: 0.408: Total time for which application threads were stopped: 0.0001268 seconds
2015-02-19T11:31:32.162+0200: 0.411: Application time: 0.0026138 seconds
2015-02-19T11:31:32.162+0200: 0.411: Total time for which application threads were stopped: 0.0000639 seconds
2015-02-19T11:31:32.229+0200: 0.477: Application time: 0.0661915 seconds
2015-02-19T11:31:32.229+0200: 0.477: Total time for which application threads were stopped: 0.0001308 seconds
2015-02-19T11:31:32.410+0200: 0.659: Application time: 0.1816108 seconds
2015-02-19T11:31:32.410+0200: 0.659: Total time for which application threads were stopped: 0.0002000 seconds
2015-02-19T11:31:33.411+0200: 1.659: Application time: 1.0000921 seconds
2015-02-19T11:31:33.411+0200: 1.659: Total time for which application threads were stopped: 0.0000539 seconds
2015-02-19T11:31:33.707+0200: 1.956: Application time: 0.2968512 seconds
2015-02-19T11:31:33.708+0200: 1.956: [GC (Allocation Failure) 1.967: [ParNew
Desired survivor size 143163392 bytes, new threshold 1 (max 15)
- age   1:  286253856 bytes,  286253856 total
: 2236928K->279616K(2516544K), 0.0654525 secs] 2236928K->280565K(8108992K), 0.0768407 secs] [Times: user=0.45 sys=0.01, real=0.08 secs] 
2015-02-19T11:31:33.784+0200: 2.033: Total time for which application threads were stopped: 0.0769430 seconds
2015-02-19T11:31:34.784+0200: 3.033: Application time: 1.0000918 seconds
2015-02-19T11:31:34.785+0200: 3.033: Total time for which application threads were stopped: 0.0000590 seconds
2015-02-19T11:31:35.333+0200: 3.582: Application time: 0.5488984 seconds
2015-02-19T11:31:35.334+0200: 3.582: [GC (Allocation Failure) 3.582: [ParNew
Desired survivor size 143163392 bytes, new threshold 15 (max 15)
- age   1:    2916768 bytes,    2916768 total
: 2516544K->4135K(2516544K), 0.1379903 secs] 2517493K->281090K(8108992K), 0.1380557 secs] [Times: user=0.92 sys=0.08, real=0.14 secs] 
2015-02-19T11:31:35.472+0200: 3.720: Total time for which application threads were stopped: 0.1381467 seconds
2015-02-19T11:31:35.928+0200: 4.176: Application time: 0.4562302 seconds
2015-02-19T11:31:35.928+0200: 4.176: Total time for which application threads were stopped: 0.0001526 seconds
2015-02-19T11:31:36.872+0200: 5.121: Application time: 0.9442348 seconds
2015-02-19T11:31:36.872+0200: 5.121: [GC (Allocation Failure) 5.121: [ParNew
Desired survivor size 143163392 bytes, new threshold 15 (max 15)
- age   1:    2917832 bytes,    2917832 total
- age   2:         88 bytes,    2917920 total
: 2241063K->3732K(2516544K), 0.0084266 secs] 2518018K->280687K(8108992K), 0.0084776 secs] [Times: user=0.05 sys=0.01, real=0.01 secs] 
2015-02-19T11:31:36.881+0200: 5.129: Total time for which application threads were stopped: 0.0085662 seconds
2015-02-19T11:31:37.083+0200: 5.332: Application time: 0.2023464 seconds
2015-02-19T11:31:37.083+0200: 5.332: Total time for which application threads were stopped: 0.0001509 seconds
2015-02-19T11:31:38.083+0200: 6.332: Application time: 1.0000878 seconds
2015-02-19T11:31:38.083+0200: 6.332: Total time for which application threads were stopped: 0.0000650 seconds
2015-02-19T11:31:38.193+0200: 6.441: Application time: 0.1091524 seconds
2015-02-19T11:31:38.193+0200: 6.441: [GC (Allocation Failure) 6.441: [ParNew
Desired survivor size 143163392 bytes, new threshold 15 (max 15)
- age   1:    2917000 bytes,    2917000 total
- age   3:         88 bytes,    2917088 total
: 2240660K->4449K(2516544K), 0.0088704 secs] 2517615K->281404K(8108992K), 0.0089204 secs] [Times: user=0.06 sys=0.00, real=0.01 secs] 
2015-02-19T11:31:38.202+0200: 6.450: Total time for which application threads were stopped: 0.0090088 seconds
2015-02-19T11:31:39.653+0200: 7.902: Application time: 1.4515274 seconds
2015-02-19T11:31:39.653+0200: 7.902: [GC (Allocation Failure) 7.902: [ParNew
Desired survivor size 143163392 bytes, new threshold 15 (max 15)
- age   1:    2482656 bytes,    2482656 total
- age   2:       1040 bytes,    2483696 total
- age   4:         88 bytes,    2483784 total
: 2241377K->3909K(2516544K), 0.0081943 secs] 2518332K->280864K(8108992K), 0.0082420 secs] [Times: user=0.05 sys=0.00, real=0.01 secs] 
2015-02-19T11:31:39.661+0200: 7.910: Total time for which application threads were stopped: 0.0083249 seconds
2015-02-19T11:31:41.179+0200: 9.427: Application time: 1.5173425 seconds
2015-02-19T11:31:41.179+0200: 9.427: [GC (Allocation Failure) 9.427: [ParNew
Desired survivor size 143163392 bytes, new threshold 15 (max 15)
- age   1:    1424608 bytes,    1424608 total
- age   3:       1040 bytes,    1425648 total
- age   5:         88 bytes,    1425736 total
: 2240837K->2360K(2516544K), 0.0067949 secs] 2517792K->279314K(8108992K), 0.0068500 secs] [Times: user=0.06 sys=0.00, real=0.01 secs] 
2015-02-19T11:31:41.186+0200: 9.434: Total time for which application threads were stopped: 0.0069444 seconds
2015-02-19T11:31:42.186+0200: 10.434: Application time: 1.0000952 seconds
2015-02-19T11:31:42.186+0200: 10.434: Total time for which application threads were stopped: 0.0000644 seconds
2015-02-19T11:31:42.661+0200: 10.909: Application time: 0.4746919 seconds
2015-02-19T11:31:42.661+0200: 10.909: [GC (Allocation Failure) 10.909: [ParNew
Desired survivor size 143163392 bytes, new threshold 15 (max 15)
- age   1:    2917504 bytes,    2917504 total
- age   4:        768 bytes,    2918272 total
- age   6:         88 bytes,    2918360 total
: 2239288K->3001K(2516544K), 0.0071233 secs] 2516242K->279956K(8108992K), 0.0071757 secs] [Times: user=0.05 sys=0.00, real=0.00 secs] 
2015-02-19T11:31:42.668+0200: 10.916: Total time for which application threads were stopped: 0.0072643 seconds
2015-02-19T11:31:44.227+0200: 12.475: Application time: 1.5587676 seconds
2015-02-19T11:31:44.227+0200: 12.475: [GC (Allocation Failure) 12.475: [ParNew
Desired survivor size 143163392 bytes, new threshold 15 (max 15)
- age   1:    2916400 bytes,    2916400 total
- age   2:        864 bytes,    2917264 total
- age   5:        768 bytes,    2918032 total
- age   7:         88 bytes,    2918120 total
: 2239929K->3957K(2516544K), 0.0096330 secs] 2516884K->280912K(8108992K), 0.0097106 secs] [Times: user=0.06 sys=0.00, real=0.01 secs] 
2015-02-19T11:31:44.236+0200: 12.485: Total time for which application threads were stopped: 0.0097967 seconds
2015-02-19T11:31:45.715+0200: 13.964: Application time: 1.4790323 seconds
2015-02-19T11:31:45.716+0200: 13.964: [GC (Allocation Failure) 13.964: [ParNew
Desired survivor size 143163392 bytes, new threshold 15 (max 15)
- age   1:    2916216 bytes,    2916216 total
- age   3:        864 bytes,    2917080 total
- age   6:        768 bytes,    2917848 total
- age   8:         88 bytes,    2917936 total
: 2240885K->3997K(2516544K), 0.0082153 secs] 2517840K->280951K(8108992K), 0.0082661 secs] [Times: user=0.05 sys=0.00, real=0.01 secs] 
2015-02-19T11:31:45.724+0200: 13.972: Total time for which application threads were stopped: 0.0083611 seconds
2015-02-19T11:31:57.725+0200: 25.973: Application time: 12.0009136 seconds
2015-02-19T11:31:57.725+0200: 25.973: Total time for which application threads were stopped: 0.0000715 seconds
2015-02-19T11:32:02.725+0200: 30.974: Application time: 5.0003730 seconds
2015-02-19T11:32:02.725+0200: 30.974: Total time for which application threads were stopped: 0.0000689 seconds
2015-02-19T11:32:07.726+0200: 35.974: Application time: 5.0003859 seconds
2015-02-19T11:32:07.726+0200: 35.974: Total time for which application threads were stopped: 0.0000945 seconds
2015-02-19T11:32:10.726+0200: 38.974: Application time: 3.0002340 seconds
2015-02-19T11:32:10.726+0200: 38.975: Total time for which application threads were stopped: 0.0002322 seconds
2015-02-19T11:32:10.806+0200: 39.054: Application time: 0.0793698 seconds
2015-02-19T11:32:10.806+0200: 39.054: Total time for which application threads were stopped: 0.0000550 seconds
2015-02-19T11:32:10.806+0200: 39.054: Application time: 0.0001971 seconds
2015-02-19T11:32:10.806+0200: 39.054: Total time for which application threads were stopped: 0.0000354 seconds
2015-02-19T11:32:10.806+0200: 39.054: Application time: 0.0000348 seconds
2015-02-19T11:32:10.806+0200: 39.054: Total time for which application threads were stopped: 0.0000188 seconds
2015-02-19T11:32:10.806+0200: 39.054: Application time: 0.0000356 seconds
2015-02-19T11:32:10.806+0200: 39.054: Total time for which application threads were stopped: 0.0000293 seconds
2015-02-19T11:32:10.806+0200: 39.054: Application time: 0.0000742 seconds
2015-02-19T11:32:10.806+0200: 39.054: Total time for which application threads were stopped: 0.0000389 seconds
2015-02-19T11:32:10.806+0200: 39.055: Application time: 0.0000185 seconds
2015-02-19T11:32:10.806+0200: 39.055: Total time for which application threads were stopped: 0.0000302 seconds
2015-02-19T11:32:10.864+0200: 39.113: Application time: 0.0579797 seconds
2015-02-19T11:32:10.864+0200: 39.113: Total time for which application threads were stopped: 0.0000410 seconds
2015-02-19T11:32:10.886+0200: 39.134: Application time: 0.0216169 seconds
2015-02-19T11:32:10.886+0200: 39.134: Total time for which application threads were stopped: 0.0000485 seconds
2015-02-19T11:32:10.886+0200: 39.134: Application time: 0.0000691 seconds
2015-02-19T11:32:10.886+0200: 39.134: Total time for which application threads were stopped: 0.0000235 seconds
2015-02-19T11:32:10.886+0200: 39.134: Application time: 0.0000616 seconds
2015-02-19T11:32:10.886+0200: 39.134: Total time for which application threads were stopped: 0.0000238 seconds
2015-02-19T11:32:10.893+0200: 39.141: Application time: 0.0065099 seconds
2015-02-19T11:32:10.893+0200: 39.141: Total time for which application threads were stopped: 0.0000320 seconds
2015-02-19T11:32:10.893+0200: 39.141: Application time: 0.0000945 seconds
2015-02-19T11:32:10.893+0200: 39.141: Total time for which application threads were stopped: 0.0000281 seconds
2015-02-19T11:32:10.893+0200: 39.141: Application time: 0.0000819 seconds
2015-02-19T11:32:10.893+0200: 39.141: Total time for which application threads were stopped: 0.0000365 seconds
2015-02-19T11:32:10.893+0200: 39.141: Application time: 0.0001251 seconds
2015-02-19T11:32:10.893+0200: 39.141: Total time for which application threads were stopped: 0.0000362 seconds
2015-02-19T11:32:10.893+0200: 39.141: Application time: 0.0000766 seconds
2015-02-19T11:32:10.893+0200: 39.141: Total time for which application threads were stopped: 0.0000356 seconds
2015-02-19T11:32:10.893+0200: 39.142: Application time: 0.0000791 seconds
2015-02-19T11:32:10.893+0200: 39.142: Total time for which application threads were stopped: 0.0000136 seconds
2015-02-19T11:32:10.893+0200: 39.142: Application time: 0.0000783 seconds
2015-02-19T11:32:10.893+0200: 39.142: Total time for which application threads were stopped: 0.0000361 seconds
2015-02-19T11:32:10.893+0200: 39.142: Application time: 0.0000993 seconds
2015-02-19T11:32:10.893+0200: 39.142: Total time for which application threads were stopped: 0.0000353 seconds
2015-02-19T11:32:10.893+0200: 39.142: Application time: 0.0000374 seconds
2015-02-19T11:32:10.894+0200: 39.142: Total time for which application threads were stopped: 0.0000102 seconds
2015-02-19T11:32:10.894+0200: 39.142: Application time: 0.0000238 seconds
2015-02-19T11:32:10.894+0200: 39.142: Total time for which application threads were stopped: 0.0000090 seconds
2015-02-19T11:32:10.894+0200: 39.142: Application time: 0.0000383 seconds
2015-02-19T11:32:10.894+0200: 39.142: Total time for which application threads were stopped: 0.0000132 seconds
2015-02-19T11:32:10.894+0200: 39.142: Application time: 0.0000184 seconds
2015-02-19T11:32:10.894+0200: 39.142: Total time for which application threads were stopped: 0.0000126 seconds
2015-02-19T11:32:10.894+0200: 39.142: Application time: 0.0000140 seconds
2015-02-19T11:32:10.894+0200: 39.142: Total time for which application threads were stopped: 0.0000102 seconds
2015-02-19T11:32:10.894+0200: 39.142: Application time: 0.0000180 seconds
2015-02-19T11:32:10.894+0200: 39.142: Total time for which application threads were stopped: 0.0000101 seconds
2015-02-19T11:32:10.894+0200: 39.142: Application time: 0.0000142 seconds
2015-02-19T11:32:10.894+0200: 39.142: Total time for which application threads were stopped: 0.0000110 seconds
2015-02-19T11:32:10.894+0200: 39.142: Application time: 0.0000201 seconds
2015-02-19T11:32:10.894+0200: 39.142: Total time for which application threads were stopped: 0.0000104 seconds
2015-02-19T11:32:10.894+0200: 39.142: Application time: 0.0000275 seconds
2015-02-19T11:32:10.894+0200: 39.142: Total time for which application threads were stopped: 0.0000287 seconds
2015-02-19T11:32:10.931+0200: 39.179: Application time: 0.0369893 seconds
2015-02-19T11:32:10.931+0200: 39.179: Total time for which application threads were stopped: 0.0000770 seconds
2015-02-19T11:32:10.931+0200: 39.179: Application time: 0.0002412 seconds
2015-02-19T11:32:10.931+0200: 39.179: Total time for which application threads were stopped: 0.0000246 seconds
2015-02-19T11:32:11.065+0200: 39.314: Application time: 0.1343368 seconds
2015-02-19T11:32:11.066+0200: 39.314: [GC (Allocation Failure) 39.314: [ParNew
Desired survivor size 143163392 bytes, new threshold 1 (max 15)
- age   1:  271367240 bytes,  271367240 total
- age   7:        192 bytes,  271367432 total
- age   9:         88 bytes,  271367520 total
: 2240925K->266820K(2516544K), 0.2057567 secs] 2517879K->543774K(8108992K), 0.2058184 secs] [Times: user=1.30 sys=0.16, real=0.21 secs] 
